
(base) C:\Users\Avinash.Priyadarshi>cd C:\Users\Avinash.Priyadarshi\Desktop\Work\MTL

(base) C:\Users\Avinash.Priyadarshi\Desktop\Work\MTL>$ git init
'$' is not recognized as an internal or external command,
operable program or batch file.

(base) C:\Users\Avinash.Priyadarshi\Desktop\Work\MTL>git init
Initialized empty Git repository in C:/Users/Avinash.Priyadarshi/Desktop/Work/MTL/.git/

(base) C:\Users\Avinash.Priyadarshi\Desktop\Work\MTL>git config --global user.name "Avinash"

(base) C:\Users\Avinash.Priyadarshi\Desktop\Work\MTL>git config --global user.email avinash.priyadarshi@yahoo.com

(base) C:\Users\Avinash.Priyadarshi\Desktop\Work\MTL>git --version
git version 2.35.3.windows.1

(base) C:\Users\Avinash.Priyadarshi\Desktop\Work\MTL>git branch -M main

(base) C:\Users\Avinash.Priyadarshi\Desktop\Work\MTL>git status
On branch main

No commits yet

Untracked files:
  (use "git add <file>..." to include in what will be committed)
        .gitignore
        mysite/
        requirements.txt

nothing added to commit but untracked files present (use "git add" to track)

(base) C:\Users\Avinash.Priyadarshi\Desktop\Work\MTL>git add .

(base) C:\Users\Avinash.Priyadarshi\Desktop\Work\MTL>git commit -m "My Django Girls app, first commit"
[main (root-commit) 8e15b68] My Django Girls app, first commit
 16 files changed, 296 insertions(+)
 create mode 100644 .gitignore
 create mode 100644 mysite/blog/__init__.py
 create mode 100644 mysite/blog/admin.py
 create mode 100644 mysite/blog/apps.py
 create mode 100644 mysite/blog/migrations/0001_initial.py
 create mode 100644 mysite/blog/migrations/__init__.py
 create mode 100644 mysite/blog/models.py
 create mode 100644 mysite/blog/tests.py
 create mode 100644 mysite/blog/views.py
 create mode 100644 mysite/manage.py
 create mode 100644 mysite/mysite/__init__.py
 create mode 100644 mysite/mysite/asgi.py
 create mode 100644 mysite/mysite/settings.py
 create mode 100644 mysite/mysite/urls.py
 create mode 100644 mysite/mysite/wsgi.py
 create mode 100644 requirements.txt

(base) C:\Users\Avinash.Priyadarshi\Desktop\Work\MTL>git remote add origin https://github.com/avinashpriyadarshi/my-first-blog.git

(base) C:\Users\Avinash.Priyadarshi\Desktop\Work\MTL>git push -u origin main
info: please complete authentication in your browser...
remote: Permission to avinashpriyadarshi/my-first-blog.git denied to 13116934.
fatal: unable to access 'https://github.com/avinashpriyadarshi/my-first-blog.git/': The requested URL returned error: 403

(base) C:\Users\Avinash.Priyadarshi\Desktop\Work\MTL>git push -u origin main
Enumerating objects: 20, done.
Counting objects: 100% (20/20), done.
Delta compression using up to 8 threads
Compressing objects: 100% (18/18), done.
Writing objects: 100% (20/20), 4.52 KiB | 578.00 KiB/s, done.
Total 20 (delta 1), reused 0 (delta 0), pack-reused 0
remote: Resolving deltas: 100% (1/1), done.
To https://github.com/avinashpriyadarshi/my-first-blog.git
 * [new branch]      main -> main
branch 'main' set up to track 'origin/main'.

(base) C:\Users\Avinash.Priyadarshi\Desktop\Work\MTL>